###############################################################################
#
# IAR ELF Linker V7.70.1.11437/W32 for ARM                11/Jan/2019  22:41:39
# Copyright 2007-2016 IAR Systems AB.
#
#    Output file  =  
#        D:\Embedded_Project\IAR_Project\ADS129x_3V3_STM32L151\ADS129x_3V3_STM32L151\EWARM\ADS129x_3V3_STM32L151\Exe\ADS129x_3V3_STM32L151.out
#    Map file     =  
#        D:\Embedded_Project\IAR_Project\ADS129x_3V3_STM32L151\ADS129x_3V3_STM32L151\EWARM\ADS129x_3V3_STM32L151\List\ADS129x_3V3_STM32L151.map
#    Command line =  
#        D:\Embedded_Project\IAR_Project\ADS129x_3V3_STM32L151\ADS129x_3V3_STM32L151\EWARM\ADS129x_3V3_STM32L151\Obj\ADS1294_Init.o
#        D:\Embedded_Project\IAR_Project\ADS129x_3V3_STM32L151\ADS129x_3V3_STM32L151\EWARM\ADS129x_3V3_STM32L151\Obj\ADS1294_ReadData_FormatAndRecive.o
#        D:\Embedded_Project\IAR_Project\ADS129x_3V3_STM32L151\ADS129x_3V3_STM32L151\EWARM\ADS129x_3V3_STM32L151\Obj\ADS1294_RW_SendComand.o
#        D:\Embedded_Project\IAR_Project\ADS129x_3V3_STM32L151\ADS129x_3V3_STM32L151\EWARM\ADS129x_3V3_STM32L151\Obj\ADS1294_SetConfigurations.o
#        D:\Embedded_Project\IAR_Project\ADS129x_3V3_STM32L151\ADS129x_3V3_STM32L151\EWARM\ADS129x_3V3_STM32L151\Obj\main.o
#        D:\Embedded_Project\IAR_Project\ADS129x_3V3_STM32L151\ADS129x_3V3_STM32L151\EWARM\ADS129x_3V3_STM32L151\Obj\startup_stm32l151xc.o
#        D:\Embedded_Project\IAR_Project\ADS129x_3V3_STM32L151\ADS129x_3V3_STM32L151\EWARM\ADS129x_3V3_STM32L151\Obj\stm32l1xx_hal.o
#        D:\Embedded_Project\IAR_Project\ADS129x_3V3_STM32L151\ADS129x_3V3_STM32L151\EWARM\ADS129x_3V3_STM32L151\Obj\stm32l1xx_hal_cortex.o
#        D:\Embedded_Project\IAR_Project\ADS129x_3V3_STM32L151\ADS129x_3V3_STM32L151\EWARM\ADS129x_3V3_STM32L151\Obj\stm32l1xx_hal_dac.o
#        D:\Embedded_Project\IAR_Project\ADS129x_3V3_STM32L151\ADS129x_3V3_STM32L151\EWARM\ADS129x_3V3_STM32L151\Obj\stm32l1xx_hal_dac_ex.o
#        D:\Embedded_Project\IAR_Project\ADS129x_3V3_STM32L151\ADS129x_3V3_STM32L151\EWARM\ADS129x_3V3_STM32L151\Obj\stm32l1xx_hal_dma.o
#        D:\Embedded_Project\IAR_Project\ADS129x_3V3_STM32L151\ADS129x_3V3_STM32L151\EWARM\ADS129x_3V3_STM32L151\Obj\stm32l1xx_hal_flash.o
#        D:\Embedded_Project\IAR_Project\ADS129x_3V3_STM32L151\ADS129x_3V3_STM32L151\EWARM\ADS129x_3V3_STM32L151\Obj\stm32l1xx_hal_flash_ex.o
#        D:\Embedded_Project\IAR_Project\ADS129x_3V3_STM32L151\ADS129x_3V3_STM32L151\EWARM\ADS129x_3V3_STM32L151\Obj\stm32l1xx_hal_flash_ramfunc.o
#        D:\Embedded_Project\IAR_Project\ADS129x_3V3_STM32L151\ADS129x_3V3_STM32L151\EWARM\ADS129x_3V3_STM32L151\Obj\stm32l1xx_hal_gpio.o
#        D:\Embedded_Project\IAR_Project\ADS129x_3V3_STM32L151\ADS129x_3V3_STM32L151\EWARM\ADS129x_3V3_STM32L151\Obj\stm32l1xx_hal_msp.o
#        D:\Embedded_Project\IAR_Project\ADS129x_3V3_STM32L151\ADS129x_3V3_STM32L151\EWARM\ADS129x_3V3_STM32L151\Obj\stm32l1xx_hal_pwr.o
#        D:\Embedded_Project\IAR_Project\ADS129x_3V3_STM32L151\ADS129x_3V3_STM32L151\EWARM\ADS129x_3V3_STM32L151\Obj\stm32l1xx_hal_pwr_ex.o
#        D:\Embedded_Project\IAR_Project\ADS129x_3V3_STM32L151\ADS129x_3V3_STM32L151\EWARM\ADS129x_3V3_STM32L151\Obj\stm32l1xx_hal_rcc.o
#        D:\Embedded_Project\IAR_Project\ADS129x_3V3_STM32L151\ADS129x_3V3_STM32L151\EWARM\ADS129x_3V3_STM32L151\Obj\stm32l1xx_hal_rcc_ex.o
#        D:\Embedded_Project\IAR_Project\ADS129x_3V3_STM32L151\ADS129x_3V3_STM32L151\EWARM\ADS129x_3V3_STM32L151\Obj\stm32l1xx_hal_spi.o
#        D:\Embedded_Project\IAR_Project\ADS129x_3V3_STM32L151\ADS129x_3V3_STM32L151\EWARM\ADS129x_3V3_STM32L151\Obj\stm32l1xx_hal_spi_ex.o
#        D:\Embedded_Project\IAR_Project\ADS129x_3V3_STM32L151\ADS129x_3V3_STM32L151\EWARM\ADS129x_3V3_STM32L151\Obj\stm32l1xx_hal_tim.o
#        D:\Embedded_Project\IAR_Project\ADS129x_3V3_STM32L151\ADS129x_3V3_STM32L151\EWARM\ADS129x_3V3_STM32L151\Obj\stm32l1xx_hal_tim_ex.o
#        D:\Embedded_Project\IAR_Project\ADS129x_3V3_STM32L151\ADS129x_3V3_STM32L151\EWARM\ADS129x_3V3_STM32L151\Obj\stm32l1xx_hal_uart.o
#        D:\Embedded_Project\IAR_Project\ADS129x_3V3_STM32L151\ADS129x_3V3_STM32L151\EWARM\ADS129x_3V3_STM32L151\Obj\stm32l1xx_it.o
#        D:\Embedded_Project\IAR_Project\ADS129x_3V3_STM32L151\ADS129x_3V3_STM32L151\EWARM\ADS129x_3V3_STM32L151\Obj\system_stm32l1xx.o
#        --redirect _Printf=_PrintfFull --redirect _Scanf=_ScanfFull -o
#        D:\Embedded_Project\IAR_Project\ADS129x_3V3_STM32L151\ADS129x_3V3_STM32L151\EWARM\ADS129x_3V3_STM32L151\Exe\ADS129x_3V3_STM32L151.out
#        --map
#        D:\Embedded_Project\IAR_Project\ADS129x_3V3_STM32L151\ADS129x_3V3_STM32L151\EWARM\ADS129x_3V3_STM32L151\List\ADS129x_3V3_STM32L151.map
#        --config
#        D:\Embedded_Project\IAR_Project\ADS129x_3V3_STM32L151\ADS129x_3V3_STM32L151\EWARM/stm32l151xc_flash.icf
#        --semihosting --entry __iar_program_start --vfe
#
###############################################################################

*******************************************************************************
*** RUNTIME MODEL ATTRIBUTES
***

CppFlavor       = *
__SystemLibrary = DLib


*******************************************************************************
*** PLACEMENT SUMMARY
***

"A0":  place at 0x08000000 { ro section .intvec };
"P1":  place in [from 0x08000000 to 0x0803ffff] { ro };
"P2":  place in [from 0x20000000 to 0x20007fff] { rw, block CSTACK, block HEAP };
initialize by copy { rw };

  Section            Kind        Address    Size  Object
  -------            ----        -------    ----  ------
"A0":                                      0x124
  .intvec            ro code  0x08000000   0x124  startup_stm32l151xc.o [1]
                            - 0x08000124   0x124

"P1":                                     0x1990
  .text              ro code  0x08000124   0x61c  stm32l1xx_hal_rcc.o [1]
  .text              ro code  0x08000740     0xc  stm32l1xx_hal.o [1]
  .text              ro code  0x0800074c    0x28  stm32l1xx_hal.o [1]
  .text              ro code  0x08000774    0xee  stm32l1xx_hal_cortex.o [1]
  .text              ro code  0x08000864   0x33a  stm32l1xx_hal_uart.o [1]
  .text              ro code  0x08000ba0   0x194  stm32l1xx_hal_msp.o [1]
  .text              ro code  0x08000d34   0x1a0  stm32l1xx_hal_gpio.o [1]
  .text              ro code  0x08000ed4   0x230  main.o [1]
  .text              ro code  0x08001104    0x16  stm32l1xx_hal.o [1]
  .text              ro code  0x0800111a    0x7e  stm32l1xx_hal_spi_ex.o [1]
  .text              ro code  0x08001198    0xe8  stm32l1xx_hal_dac.o [1]
  .text              ro code  0x08001280   0x15c  ADS1294_Init.o [1]
  .text              ro code  0x080013dc    0x70  ADS1294_ReadData_FormatAndRecive.o [1]
  .text              ro code  0x0800144c    0x18  stm32l1xx_hal.o [1]
  .text              ro code  0x08001464   0x10c  ADS1294_RW_SendComand.o [1]
  .text              ro code  0x08001570    0x98  ADS1294_SetConfigurations.o [1]
  .text              ro code  0x08001608     0x6  ABImemclr4.o [4]
  .text              ro code  0x08001610   0x1ec  stm32l1xx_hal_spi.o [1]
  .text              ro code  0x080017fc    0x32  ABImemset48.o [4]
  .text              ro code  0x08001830    0x64  system_stm32l1xx.o [1]
  .text              ro code  0x08001894    0x40  zero_init3.o [4]
  .text              ro code  0x080018d4    0x2c  copy_init3.o [4]
  .text              ro code  0x08001900    0x28  data_init.o [4]
  .iar.init_table    const    0x08001928    0x24  - Linker created -
  .text              ro code  0x0800194c    0x1e  stm32l1xx_it.o [1]
  .text              ro code  0x0800196c    0x10  stm32l1xx_hal.o [1]
  .text              ro code  0x0800197c    0x1a  cmain.o [4]
  .text              ro code  0x08001996     0x4  low_level_init.o [3]
  .text              ro code  0x0800199a     0x4  exit.o [3]
  .text              ro code  0x080019a0     0xa  cexit.o [4]
  .text              ro code  0x080019ac    0x14  exit.o [5]
  .text              ro code  0x080019c0    0x10  startup_stm32l151xc.o [1]
  .text              ro code  0x080019d0     0xc  cstartup_M.o [4]
  .rodata            const    0x080019dc     0x8  system_stm32l1xx.o [1]
  .text              ro code  0x080019e4     0x4  startup_stm32l151xc.o [1]
  .text              ro code  0x080019e8     0x4  startup_stm32l151xc.o [1]
  .text              ro code  0x080019ec     0x4  startup_stm32l151xc.o [1]
  .text              ro code  0x080019f0     0x4  startup_stm32l151xc.o [1]
  .text              ro code  0x080019f4     0x4  startup_stm32l151xc.o [1]
  .text              ro code  0x080019f8     0x4  startup_stm32l151xc.o [1]
  .text              ro code  0x080019fc     0x4  startup_stm32l151xc.o [1]
  .text              ro code  0x08001a00     0x4  startup_stm32l151xc.o [1]
  .text              ro code  0x08001a04     0x4  startup_stm32l151xc.o [1]
  .text              ro code  0x08001a08     0x4  startup_stm32l151xc.o [1]
  .text              ro code  0x08001a0c     0x4  startup_stm32l151xc.o [1]
  .text              ro code  0x08001a10     0x4  startup_stm32l151xc.o [1]
  .text              ro code  0x08001a14     0x4  startup_stm32l151xc.o [1]
  .text              ro code  0x08001a18     0x4  startup_stm32l151xc.o [1]
  .text              ro code  0x08001a1c     0x4  startup_stm32l151xc.o [1]
  .text              ro code  0x08001a20     0x4  startup_stm32l151xc.o [1]
  .text              ro code  0x08001a24     0x4  startup_stm32l151xc.o [1]
  .text              ro code  0x08001a28     0x4  startup_stm32l151xc.o [1]
  .text              ro code  0x08001a2c     0x4  startup_stm32l151xc.o [1]
  .text              ro code  0x08001a30     0x4  startup_stm32l151xc.o [1]
  .text              ro code  0x08001a34     0x4  startup_stm32l151xc.o [1]
  .text              ro code  0x08001a38     0x4  startup_stm32l151xc.o [1]
  .text              ro code  0x08001a3c     0x4  startup_stm32l151xc.o [1]
  .text              ro code  0x08001a40     0x4  startup_stm32l151xc.o [1]
  .text              ro code  0x08001a44     0x4  startup_stm32l151xc.o [1]
  .text              ro code  0x08001a48     0x4  startup_stm32l151xc.o [1]
  .text              ro code  0x08001a4c     0x4  startup_stm32l151xc.o [1]
  .text              ro code  0x08001a50     0x4  startup_stm32l151xc.o [1]
  .text              ro code  0x08001a54     0x4  startup_stm32l151xc.o [1]
  .text              ro code  0x08001a58     0x4  startup_stm32l151xc.o [1]
  .text              ro code  0x08001a5c     0x4  startup_stm32l151xc.o [1]
  .text              ro code  0x08001a60     0x4  startup_stm32l151xc.o [1]
  .text              ro code  0x08001a64     0x4  startup_stm32l151xc.o [1]
  .text              ro code  0x08001a68     0x4  startup_stm32l151xc.o [1]
  .text              ro code  0x08001a6c     0x4  startup_stm32l151xc.o [1]
  .text              ro code  0x08001a70     0x4  startup_stm32l151xc.o [1]
  .text              ro code  0x08001a74     0x4  startup_stm32l151xc.o [1]
  .text              ro code  0x08001a78     0x4  startup_stm32l151xc.o [1]
  .text              ro code  0x08001a7c     0x4  startup_stm32l151xc.o [1]
  .text              ro code  0x08001a80     0x4  startup_stm32l151xc.o [1]
  .text              ro code  0x08001a84     0x4  startup_stm32l151xc.o [1]
  .text              ro code  0x08001a88     0x4  startup_stm32l151xc.o [1]
  .text              ro code  0x08001a8c     0x4  startup_stm32l151xc.o [1]
  .text              ro code  0x08001a90     0x4  startup_stm32l151xc.o [1]
  .text              ro code  0x08001a94     0x4  startup_stm32l151xc.o [1]
  .text              ro code  0x08001a98     0x4  startup_stm32l151xc.o [1]
  .text              ro code  0x08001a9c     0x4  startup_stm32l151xc.o [1]
  .text              ro code  0x08001aa0     0x4  startup_stm32l151xc.o [1]
  .text              ro code  0x08001aa4     0x4  startup_stm32l151xc.o [1]
  .text              ro code  0x08001aa8     0x4  startup_stm32l151xc.o [1]
  .text              ro code  0x08001aac     0x4  startup_stm32l151xc.o [1]
  Initializer bytes  const    0x08001ab0     0x4  <for P2-1>
  .rodata            const    0x08001ab4     0x0  zero_init3.o [4]
  .rodata            const    0x08001ab4     0x0  copy_init3.o [4]
                            - 0x08001ab4  0x1990

"P2", part 1 of 3:                           0x4
  P2-1                        0x20000000     0x4  <Init block>
    .data            inited   0x20000000     0x4  system_stm32l1xx.o [1]
                            - 0x20000004     0x4

"P2", part 2 of 3:                         0x400
  CSTACK                      0x20000008   0x400  <Block>
    CSTACK           uninit   0x20000008   0x400  <Block tail>
                            - 0x20000408   0x400

"P2", part 3 of 3:                          0xd4
  .bss               zero     0x20000408    0x58  main.o [1]
  .bss               zero     0x20000460    0x54  main.o [1]
  .bss               zero     0x200004b4    0x20  ADS1294_ReadData_FormatAndRecive.o [1]
  .bss               zero     0x200004d4     0x4  stm32l1xx_hal.o [1]
  .bss               zero     0x200004d8     0x1  ADS1294_Init.o [1]
  .bss               zero     0x200004d9     0x1  ADS1294_SetConfigurations.o [1]
                            - 0x200004da    0xd2


*******************************************************************************
*** INIT TABLE
***

          Address     Size
          -------     ----
Zero (__iar_zero_init3)
    1 destination range, total size 0xd2:
          0x20000408  0xd2

Copy (__iar_copy_init3)
    1 source range, total size 0x4:
          0x08001ab0   0x4
    1 destination range, total size 0x4:
          0x20000000   0x4



*******************************************************************************
*** MODULE SUMMARY
***

    Module                              ro code  ro data  rw data
    ------                              -------  -------  -------
D:\Embedded_Project\IAR_Project\ADS129x_3V3_STM32L151\ADS129x_3V3_STM32L151\EWARM\ADS129x_3V3_STM32L151\Obj: [1]
    ADS1294_Init.o                          348                 1
    ADS1294_RW_SendComand.o                 268
    ADS1294_ReadData_FormatAndRecive.o      112                32
    ADS1294_SetConfigurations.o             152                 1
    main.o                                  560               172
    startup_stm32l151xc.o                   512
    stm32l1xx_hal.o                         114                 4
    stm32l1xx_hal_cortex.o                  238
    stm32l1xx_hal_dac.o                     232
    stm32l1xx_hal_gpio.o                    416
    stm32l1xx_hal_msp.o                     404
    stm32l1xx_hal_rcc.o                   1 564
    stm32l1xx_hal_spi.o                     492
    stm32l1xx_hal_spi_ex.o                  126
    stm32l1xx_hal_uart.o                    826
    stm32l1xx_it.o                           30
    system_stm32l1xx.o                      100       12        4
    -------------------------------------------------------------
    Total:                                6 494       12      214

command line: [2]
    -------------------------------------------------------------
    Total:

dl7M_tlf.a: [3]
    exit.o                                    4
    low_level_init.o                          4
    -------------------------------------------------------------
    Total:                                    8

rt7M_tl.a: [4]
    ABImemclr4.o                              6
    ABImemset48.o                            50
    cexit.o                                  10
    cmain.o                                  26
    copy_init3.o                             44
    cstartup_M.o                             12
    data_init.o                              40
    zero_init3.o                             64
    -------------------------------------------------------------
    Total:                                  252

shb_l.a: [5]
    exit.o                                   20
    -------------------------------------------------------------
    Total:                                   20

    Gaps                                     14
    Linker created                                    36    1 024
-----------------------------------------------------------------
    Grand Total:                          6 788       48    1 238


*******************************************************************************
*** ENTRY LIST
***

Entry                      Address   Size  Type      Object
-----                      -------   ----  ----      ------
.iar.init_table$$Base   0x08001928          --   Gb  - Linker created -
.iar.init_table$$Limit  0x0800194c          --   Gb  - Linker created -
?main                   0x0800197d         Code  Gb  cmain.o [4]
AHBPrescTable           0x08001884   0x10  Data  Gb  system_stm32l1xx.o [1]
APBPrescTable           0x080019dc    0x8  Data  Gb  system_stm32l1xx.o [1]
BusFault_Handler        0x08001953    0x2  Code  Gb  stm32l1xx_it.o [1]
CSTACK$$Base            0x20000008          --   Gb  - Linker created -
CSTACK$$Limit           0x20000408          --   Gb  - Linker created -
DataOut                 0x200004b8   0x1c  Data  Gb  ADS1294_ReadData_FormatAndRecive.o [1]
DebugMon_Handler        0x08001959    0x2  Code  Gb  stm32l1xx_it.o [1]
EXTI1_IRQHandler        0x080010c1   0x14  Code  Gb  main.o [1]
ExternalREFvoltage      0x080015d3   0x32  Code  Gb  ADS1294_SetConfigurations.o [1]
ExternalREFvoltage::CONFIG_3
                        0x200004d9    0x1  Data  Lc  ADS1294_SetConfigurations.o [1]
HAL_DAC_ConfigChannel   0x0800120f   0x42  Code  Gb  stm32l1xx_hal_dac.o [1]
HAL_DAC_Init            0x08001199   0x26  Code  Gb  stm32l1xx_hal_dac.o [1]
HAL_DAC_MspInit         0x08000c39   0x32  Code  Gb  stm32l1xx_hal_msp.o [1]
HAL_DAC_SetValue        0x0800125d   0x24  Code  Gb  stm32l1xx_hal_dac.o [1]
HAL_DAC_Start           0x080011bf   0x50  Code  Gb  stm32l1xx_hal_dac.o [1]
HAL_Delay               0x0800144d   0x18  Code  Wk  stm32l1xx_hal.o [1]
HAL_GPIO_Init           0x08000d35  0x16c  Code  Gb  stm32l1xx_hal_gpio.o [1]
HAL_GPIO_WritePin       0x08000eab    0x8  Code  Gb  stm32l1xx_hal_gpio.o [1]
HAL_GetTick             0x08000741    0xc  Code  Wk  stm32l1xx_hal.o [1]
HAL_IncTick             0x0800196d   0x10  Code  Wk  stm32l1xx_hal.o [1]
HAL_Init                0x08001105   0x16  Code  Gb  stm32l1xx_hal.o [1]
HAL_InitTick            0x0800074d   0x28  Code  Wk  stm32l1xx_hal.o [1]
HAL_MspInit             0x08000ba1   0x98  Code  Gb  stm32l1xx_hal_msp.o [1]
HAL_NVIC_DisableIRQ     0x080007ef    0xa  Code  Gb  stm32l1xx_hal_cortex.o [1]
HAL_NVIC_EnableIRQ      0x080007e3    0xc  Code  Gb  stm32l1xx_hal_cortex.o [1]
HAL_NVIC_SetPriority    0x080007a9   0x3a  Code  Gb  stm32l1xx_hal_cortex.o [1]
HAL_NVIC_SetPriorityGrouping
                        0x0800078f   0x1a  Code  Gb  stm32l1xx_hal_cortex.o [1]
HAL_RCC_ClockConfig     0x080004bb  0x134  Code  Gb  stm32l1xx_hal_rcc.o [1]
HAL_RCC_GetHCLKFreq     0x08000671    0x6  Code  Gb  stm32l1xx_hal_rcc.o [1]
HAL_RCC_GetPCLK1Freq    0x08000677   0x10  Code  Gb  stm32l1xx_hal_rcc.o [1]
HAL_RCC_GetPCLK2Freq    0x08000687    0xe  Code  Gb  stm32l1xx_hal_rcc.o [1]
HAL_RCC_GetSysClockFreq
                        0x0800061d   0x54  Code  Gb  stm32l1xx_hal_rcc.o [1]
HAL_RCC_OscConfig       0x08000125  0x360  Code  Gb  stm32l1xx_hal_rcc.o [1]
HAL_SPI_Init            0x0800111b   0x7e  Code  Gb  stm32l1xx_hal_spi_ex.o [1]
HAL_SPI_MspInit         0x08000c6b   0x50  Code  Gb  stm32l1xx_hal_msp.o [1]
HAL_SPI_Transmit        0x08001611  0x12a  Code  Gb  stm32l1xx_hal_spi.o [1]
HAL_SYSTICK_CLKSourceConfig
                        0x08000829   0x14  Code  Gb  stm32l1xx_hal_cortex.o [1]
HAL_SYSTICK_Callback    0x08000861    0x2  Code  Wk  stm32l1xx_hal_cortex.o [1]
HAL_SYSTICK_Config      0x08000801   0x28  Code  Gb  stm32l1xx_hal_cortex.o [1]
HAL_SYSTICK_IRQHandler  0x0800085d    0x4  Code  Gb  stm32l1xx_hal_cortex.o [1]
HAL_UART_Init           0x08000865   0x22  Code  Gb  stm32l1xx_hal_uart.o [1]
HAL_UART_MspInit        0x08000cd7   0x3a  Code  Gb  stm32l1xx_hal_msp.o [1]
HAL_UART_Transmit       0x080008db   0x90  Code  Gb  stm32l1xx_hal_uart.o [1]
HardFault_Handler       0x0800194f    0x2  Code  Gb  stm32l1xx_it.o [1]
Init_ADS1294            0x08001281   0x8c  Code  Gb  ADS1294_Init.o [1]
Init_ADS1294::id        0x200004d8    0x1  Data  Lc  ADS1294_Init.o [1]
MX_GPIO_Init            0x08000fff   0xb0  Code  Lc  main.o [1]
MemManage_Handler       0x08001951    0x2  Code  Gb  stm32l1xx_it.o [1]
NMI_Handler             0x0800194d    0x2  Code  Gb  stm32l1xx_it.o [1]
NVIC_SetPriority        0x08000775   0x1a  Code  Lc  stm32l1xx_hal_cortex.o [1]
PLLMulTable             0x08001878    0xc  Data  Gb  system_stm32l1xx.o [1]
PendSV_Handler          0x0800195b    0x2  Code  Gb  stm32l1xx_it.o [1]
PowerDOWN               0x080013a7   0x26  Code  Gb  ADS1294_Init.o [1]
PowerUP                 0x08001319   0x86  Code  Gb  ADS1294_Init.o [1]
RCC_SetFlashLatencyFromMSIRange
                        0x0800069b   0x70  Code  Lc  stm32l1xx_hal_rcc.o [1]
RREG                    0x08001465   0x52  Code  Gb  ADS1294_RW_SendComand.o [1]
ReadData                0x080013dd   0x70  Code  Gb  ADS1294_ReadData_FormatAndRecive.o [1]
Region$$Table$$Base     0x08001928          --   Gb  - Linker created -
Region$$Table$$Limit    0x0800194c          --   Gb  - Linker created -
SPI_WaitOnFlagUntilTimeout
                        0x08001755   0x7a  Code  Lc  stm32l1xx_hal_spi.o [1]
SVC_Handler             0x08001957    0x2  Code  Gb  stm32l1xx_it.o [1]
SendComand              0x08001539   0x2e  Code  Gb  ADS1294_RW_SendComand.o [1]
SetConfigurations       0x08001571   0x5c  Code  Gb  ADS1294_SetConfigurations.o [1]
SysTick_Handler         0x0800195d    0xe  Code  Gb  stm32l1xx_it.o [1]
SystemClock_Config      0x08000f81   0x7e  Code  Gb  main.o [1]
SystemCoreClock         0x20000000    0x4  Data  Gb  system_stm32l1xx.o [1]
SystemInit              0x08001831   0x38  Code  Gb  system_stm32l1xx.o [1]
UART_SetConfig          0x08000a2f  0x130  Code  Lc  stm32l1xx_hal_uart.o [1]
UART_WaitOnFlagUntilTimeout
                        0x08000995   0x8a  Code  Lc  stm32l1xx_hal_uart.o [1]
UsageFault_Handler      0x08001955    0x2  Code  Gb  stm32l1xx_it.o [1]
WREG                    0x080014b7   0x46  Code  Gb  ADS1294_RW_SendComand.o [1]
__aeabi_memclr4         0x08001609         Code  Gb  ABImemclr4.o [4]
__cmain                 0x0800197d         Code  Gb  cmain.o [4]
__exit                  0x080019ad   0x14  Code  Gb  exit.o [5]
__iar_Memset4_word      0x080017fd         Code  Gb  ABImemset48.o [4]
__iar_Memset8_word      0x080017fd         Code  Gb  ABImemset48.o [4]
__iar_copy_init3        0x080018d5   0x2c  Code  Gb  copy_init3.o [4]
__iar_data_init3        0x08001901   0x28  Code  Gb  data_init.o [4]
__iar_program_start     0x080019d1         Code  Gb  cstartup_M.o [4]
__iar_zero_init3        0x08001895   0x40  Code  Gb  zero_init3.o [4]
__low_level_init        0x08001997    0x4  Code  Gb  low_level_init.o [3]
__vector_table          0x08000000         Data  Gb  startup_stm32l151xc.o [1]
_call_main              0x08001989         Code  Gb  cmain.o [4]
_exit                   0x080019a1         Code  Gb  cexit.o [4]
_main                   0x08001993         Code  Gb  cmain.o [4]
exit                    0x0800199b    0x4  Code  Gb  exit.o [3]
hdac                    0x200004a0   0x14  Data  Gb  main.o [1]
hspi1                   0x20000408   0x58  Data  Gb  main.o [1]
huart1                  0x20000460   0x40  Data  Gb  main.o [1]
main                    0x08000ed5   0xac  Code  Gb  main.o [1]
packageCounter          0x200004b4    0x1  Data  Gb  ADS1294_ReadData_FormatAndRecive.o [1]
uwTick                  0x200004d4    0x4  Data  Gb  stm32l1xx_hal.o [1]


[1] = D:\Embedded_Project\IAR_Project\ADS129x_3V3_STM32L151\ADS129x_3V3_STM32L151\EWARM\ADS129x_3V3_STM32L151\Obj
[2] = command line
[3] = dl7M_tlf.a
[4] = rt7M_tl.a
[5] = shb_l.a

  6 788 bytes of readonly  code memory
     48 bytes of readonly  data memory
  1 238 bytes of readwrite data memory

Errors: none
Warnings: none
